// GENERATED CODE - DO NOT MODIFY BY HAND

// **************************************************************************
// Generator: TemplateGenerator
// **************************************************************************

// Error: NoSuchMethodError: The method 'prop' was called on null.
//        Receiver: null
//        Tried calling: prop("rootEl")
